export function fib(n) {
	if (n <= 0) return 0;
	if (n === 1) return 0;
	if (n === 2) return 1;

	let a = 0, b = 1, c;
	for (let i = 3; i <= n; i++) {
		c = a + b;
		a = b;
		b = c;
	}
	return b;
}