[
  [ 0, 0, 0 ],
  [ 1, 0, 1 ],
  [ 1, 1, 2 ],
  [ 1, 2, 3 ],
  [ 1, 3, 4 ],
  [ 1, 4, 5 ],
  [ 1, 5, 6 ],
  [ 2, 0, 7 ],
  [ 3, 0, 8 ],
  [ 3, 1, 9 ],
  [ 3, 2, 10 ],
  [ 3, 3, 11 ],
  [ 3, 4, 12 ],
  [ 4, 0, 13 ],
  [ 5, 0, 14 ],
  [ 5, 1, 15 ],
  [ 5, 2, 16 ],
  [ 5, 3, 17 ],
  [ 5, 4, 18 ],
  [ 5, 5, 19 ],
  [ 5, 6, 20 ],
  [ 5, 7, 21 ],
  [ 5, 8, 22 ],
  [ 6, 0, 23 ],
  [ 7, 0, 24 ],
  [ 7, 1, 25 ],
  [ 7, 2, 26 ],
  [ 7, 3, 27 ],
  [ 7, 4, 28 ],
  [ 7, 5, 29 ],
  [ 7, 6, 30 ],
  [ 8, 0, 31 ],
  [ 8, 1, 32 ],
  [ 9, 0, 33 ],
  [ 9, 1, 34 ],
  [ 9, 2, 35 ],
  [ 9, 3, 36 ],
  [ 9, 4, 37 ],
  [ 9, 5, 38 ],
  [ 10, 0, 39 ],
  [ 10, 1, 40 ]
]