<span class="mtk1">a𠮷𠮷𠮷𠮷𠮷𠮷𠮷𠮷𠮷𠮷𠮷𠮷𠮷𠮷𠮷𠮷𠮷𠮷𠮷𠮷𠮷𠮷𠮷𠮷𠮷𠮷𠮷𠮷𠮷𠮷𠮷𠮷𠮷𠮷𠮷𠮷𠮷𠮷𠮷𠮷𠮷𠮷𠮷𠮷𠮷𠮷𠮷𠮷𠮷𠮷𠮷𠮷𠮷𠮷𠮷𠮷𠮷𠮷𠮷𠮷𠮷𠮷𠮷𠮷𠮷𠮷𠮷𠮷𠮷𠮷𠮷𠮷𠮷𠮷𠮷𠮷𠮷𠮷𠮷𠮷𠮷𠮷𠮷𠮷𠮷𠮷𠮷𠮷𠮷𠮷𠮷𠮷𠮷𠮷𠮷𠮷𠮷𠮷𠮷𠮷𠮷𠮷𠮷𠮷𠮷𠮷𠮷𠮷𠮷𠮷𠮷𠮷𠮷𠮷𠮷𠮷𠮷𠮷𠮷𠮷</span>