<span class="before1"></span><span class="before2"></span><span class="after1"></span><span class="after2"></span>