<span class="">    </span><span class="mtk1">MongoCallback</span><span class="mtk2">&lt;</span><span class="mtk3">string</span><span class="mtk4">&gt;)</span><span class="mtk5">:</span><span class="mtk6"> </span><span class="mtk7">void</span><span class="mtk8"> {</span>