[
  [ 0, 0, 0 ],
  [ 1, 0, 1 ],
  [ 1, 1, 2 ],
  [ 1, 2, 3 ],
  [ 2, 0, 4 ],
  [ 2, 1, 5 ],
  [ 3, 0, 6 ],
  [ 4, 0, 7 ],
  [ 4, 1, 8 ],
  [ 4, 2, 9 ],
  [ 4, 3, 10 ],
  [ 4, 4, 11 ],
  [ 4, 5, 12 ],
  [ 5, 0, 13 ],
  [ 5, 3, 16 ]
]