[
  [ 0, 0, 0 ],
  [ 1, 0, 1 ],
  [ 2, 0, 2 ],
  [ 3, 0, 3 ],
  [ 4, 0, 4 ],
  [ 5, 0, 5 ],
  [ 6, 0, 6 ],
  [ 7, 0, 7 ],
  [ 8, 0, 8 ],
  [ 9, 0, 9 ],
  [ 10, 0, 10 ],
  [ 11, 0, 11 ],
  [ 12, 0, 12 ],
  [ 13, 0, 13 ],
  [ 14, 0, 14 ],
  [ 15, 0, 15 ],
  [ 16, 0, 16 ],
  [ 17, 0, 17 ],
  [ 18, 0, 18 ],
  [ 19, 0, 19 ],
  [ 20, 0, 20 ],
  [ 20, 1, 21 ],
  [ 20, 2, 22 ],
  [ 20, 3, 23 ],
  [ 21, 0, 24 ],
  [ 22, 0, 25 ],
  [ 22, 1, 26 ],
  [ 23, 0, 27 ],
  [ 24, 0, 28 ],
  [ 25, 0, 29 ],
  [ 25, 1, 30 ],
  [ 26, 0, 31 ],
  [ 27, 0, 32 ],
  [ 28, 0, 33 ],
  [ 29, 0, 34 ],
  [ 29, 1, 35 ],
  [ 30, 0, 36 ],
  [ 31, 0, 37 ],
  [ 32, 0, 38 ],
  [ 32, 1, 39 ],
  [ 32, 2, 40 ],
  [ 32, 3, 41 ],
  [ 33, 0, 42 ],
  [ 34, 0, 43 ],
  [ 34, 1, 44 ],
  [ 34, 2, 45 ],
  [ 34, 3, 46 ],
  [ 34, 4, 47 ]
]