[
  [ 0, 0, 0 ],
  [ 1, 0, 1 ],
  [ 2, 0, 2 ],
  [ 3, 0, 3 ],
  [ 4, 0, 4 ],
  [ 5, 0, 5 ],
  [ 5, 1, 6 ]
]