[
  [ 0, 0, 0 ],
  [ 1, 0, 1 ],
  [ 2, 0, 2 ],
  [ 2, 1, 3 ],
  [ 3, 0, 4 ],
  [ 3, 1, 5 ],
  [ 4, 0, 6 ],
  [ 5, 0, 7 ],
  [ 5, 1, 8 ],
  [ 5, 2, 9 ],
  [ 5, 3, 10 ],
  [ 5, 4, 11 ]
]