[
  [ 0, 0, 0 ],
  [ 0, 1, 1 ],
  [ 0, 2, 2 ],
  [ 0, 3, 3 ],
  [ 0, 4, 4 ],
  [ 0, 5, 5 ],
  [ 0, 6, 6 ],
  [ 0, 7, 7 ],
  [ 0, 8, 8 ],
  [ 0, 9, 9 ],
  [ 0, 10, 10 ],
  [ 0, 11, 11 ],
  [ 0, 12, 12 ],
  [ 0, 13, 13 ],
  [ 0, 14, 14 ],
  [ 0, 15, 15 ],
  [ 0, 16, 16 ],
  [ 0, 17, 17 ],
  [ 0, 18, 18 ],
  [ 0, 19, 19 ],
  [ 0, 20, 20 ],
  [ 0, 21, 21 ],
  [ 0, 22, 22 ],
  [ 0, 23, 23 ],
  [ 0, 24, 24 ],
  [ 0, 25, 25 ],
  [ 0, 26, 26 ],
  [ 0, 27, 27 ],
  [ 0, 28, 28 ],
  [ 0, 29, 29 ],
  [ 0, 30, 30 ],
  [ 0, 31, 31 ],
  [ 0, 32, 32 ],
  [ 0, 33, 33 ],
  [ 0, 34, 34 ],
  [ 0, 35, 35 ],
  [ 0, 36, 36 ],
  [ 0, 37, 37 ],
  [ 0, 38, 38 ],
  [ 0, 39, 39 ],
  [ 0, 40, 40 ],
  [ 0, 41, 41 ],
  [ 0, 42, 42 ],
  [ 0, 43, 43 ],
  [ 0, 44, 44 ],
  [ 0, 45, 45 ],
  [ 0, 46, 46 ],
  [ 0, 47, 47 ],
  [ 0, 48, 48 ],
  [ 0, 49, 49 ],
  [ 0, 50, 50 ],
  [ 1, 0, 51 ],
  [ 1, 1, 52 ],
  [ 1, 2, 53 ],
  [ 1, 3, 54 ],
  [ 1, 4, 55 ],
  [ 1, 5, 56 ],
  [ 1, 6, 57 ],
  [ 1, 7, 58 ],
  [ 1, 8, 59 ],
  [ 1, 9, 60 ],
  [ 1, 10, 61 ],
  [ 1, 11, 62 ],
  [ 1, 12, 63 ],
  [ 1, 13, 64 ],
  [ 1, 14, 65 ],
  [ 1, 15, 66 ],
  [ 1, 16, 67 ],
  [ 1, 17, 68 ],
  [ 1, 18, 69 ],
  [ 1, 19, 70 ],
  [ 1, 20, 71 ],
  [ 1, 21, 72 ],
  [ 1, 22, 73 ],
  [ 1, 23, 74 ],
  [ 1, 24, 75 ],
  [ 1, 25, 76 ],
  [ 1, 26, 77 ],
  [ 1, 27, 78 ],
  [ 1, 28, 79 ],
  [ 1, 29, 80 ],
  [ 1, 30, 81 ],
  [ 1, 31, 82 ],
  [ 1, 32, 83 ],
  [ 1, 33, 84 ],
  [ 1, 34, 85 ],
  [ 1, 35, 86 ],
  [ 1, 36, 87 ],
  [ 1, 37, 88 ],
  [ 1, 38, 89 ],
  [ 1, 39, 90 ],
  [ 1, 40, 91 ],
  [ 1, 41, 92 ],
  [ 1, 42, 93 ],
  [ 1, 43, 94 ],
  [ 1, 44, 95 ],
  [ 1, 45, 96 ],
  [ 1, 46, 97 ],
  [ 1, 47, 98 ],
  [ 1, 48, 99 ],
  [ 1, 49, 100 ],
  [ 1, 50, 101 ],
  [ 2, 0, 102 ],
  [ 2, 1, 103 ],
  [ 2, 2, 104 ],
  [ 2, 3, 105 ]
]