<span class="mtk3">append data to append data to append data to </span><span class="mtk3">append data to append data to append data to </span><span class="mtk3">append data to append data to append data to </span><span class="mtk3">append data to append data to append data to </span><span class="mtk3">append data to</span>