[
  [ 0, 0, 0 ],
  [ 0, 4, 4 ],
  [ 0, 8, 8 ],
  [ 1, 0, 12 ],
  [ 1, 1, 13 ],
  [ 1, 2, 14 ],
  [ 1, 3, 15 ],
  [ 1, 4, 16 ],
  [ 1, 5, 17 ],
  [ 1, 6, 18 ],
  [ 1, 7, 19 ],
  [ 1, 8, 20 ],
  [ 1, 9, 21 ],
  [ 1, 10, 22 ],
  [ 1, 11, 23 ],
  [ 2, 0, 24 ],
  [ 2, 4, 28 ],
  [ 2, 8, 32 ],
  [ 2, 12, 36 ],
  [ 2, 16, 40 ],
  [ 2, 20, 44 ],
  [ 3, 0, 48 ],
  [ 4, 0, 49 ],
  [ 4, 1, 50 ],
  [ 4, 2, 51 ],
  [ 4, 3, 52 ],
  [ 4, 4, 53 ],
  [ 4, 5, 54 ],
  [ 4, 6, 55 ],
  [ 4, 7, 56 ],
  [ 4, 8, 57 ],
  [ 4, 9, 58 ],
  [ 4, 10, 59 ],
  [ 4, 11, 60 ],
  [ 4, 12, 61 ],
  [ 4, 13, 62 ],
  [ 4, 14, 63 ],
  [ 4, 15, 64 ],
  [ 4, 16, 65 ],
  [ 4, 17, 66 ],
  [ 4, 18, 67 ],
  [ 4, 19, 68 ],
  [ 4, 20, 69 ],
  [ 5, 0, 70 ],
  [ 5, 1, 71 ],
  [ 6, 0, 72 ],
  [ 7, 0, 73 ],
  [ 7, 1, 74 ],
  [ 7, 2, 75 ],
  [ 7, 3, 76 ],
  [ 7, 4, 77 ],
  [ 7, 5, 78 ],
  [ 7, 6, 79 ],
  [ 7, 7, 80 ],
  [ 7, 8, 81 ],
  [ 7, 9, 82 ],
  [ 7, 10, 83 ],
  [ 7, 11, 84 ],
  [ 7, 12, 85 ],
  [ 7, 13, 86 ],
  [ 7, 14, 87 ],
  [ 7, 15, 88 ],
  [ 7, 16, 89 ],
  [ 7, 17, 90 ],
  [ 7, 18, 91 ],
  [ 7, 19, 92 ],
  [ 8, 0, 93 ],
  [ 9, 0, 94 ],
  [ 9, 1, 95 ]
]