<span class="mtk6">'let url = `</span><span class="mtk6 detected-link">http://***/_api/web/lists/GetByTitle(</span><span class="mtk4 detected-link">\</span><span class="mtk4">'</span><span class="mtk6">Teambuildingaanvragen</span><span class="mtk4">\'</span><span class="mtk6">)/items`;'</span>