[
  [ 0, 0, 0 ],
  [ 1, 0, 4 ],
  [ 1, 2, 5 ],
  [ 1, 4, 6 ],
  [ 1, 6, 7 ],
  [ 2, 0, 8 ],
  [ 2, 1, 9 ],
  [ 2, 2, 10 ],
  [ 2, 3, 11 ],
  [ 2, 4, 12 ],
  [ 2, 5, 13 ],
  [ 3, 0, 14 ],
  [ 4, 0, 15 ],
  [ 4, 1, 16 ],
  [ 4, 2, 17 ],
  [ 4, 3, 18 ],
  [ 4, 4, 19 ],
  [ 5, 0, 20 ],
  [ 6, 0, 21 ],
  [ 6, 1, 22 ],
  [ 6, 2, 23 ],
  [ 6, 3, 24 ],
  [ 7, 0, 25 ],
  [ 8, 0, 26 ],
  [ 9, 0, 27 ],
  [ 10, 0, 28 ],
  [ 10, 1, 29 ],
  [ 10, 2, 30 ],
  [ 11, 0, 31 ],
  [ 11, 1, 32 ],
  [ 11, 2, 33 ],
  [ 11, 3, 34 ],
  [ 11, 4, 35 ],
  [ 11, 5, 36 ],
  [ 11, 6, 37 ],
  [ 11, 7, 38 ],
  [ 11, 8, 39 ],
  [ 11, 9, 40 ],
  [ 11, 10, 41 ],
  [ 11, 11, 42 ],
  [ 11, 12, 43 ],
  [ 11, 13, 44 ],
  [ 11, 14, 45 ],
  [ 12, 0, 46 ],
  [ 12, 2, 47 ],
  [ 13, 0, 48 ],
  [ 13, 2, 49 ],
  [ 13, 4, 50 ],
  [ 13, 6, 51 ]
]