<span class="mtkz" style="width:40px">→   </span><span class="mtkz" style="width:40px">·‌·‌·‌·‌</span><span class="mtk2">export</span><span class="mtk3"> </span><span class="mtk4">class</span><span class="mtk5"> </span><span class="mtk6">Game</span><span class="mtk7"> </span><span class="mtk8">{</span><span class="mtk9"> </span><span class="mtk10">// </span><span class="mtk11">http://test.com</span><span class="mtkz" style="width:20px">·‌·‌</span><span class="mtkz" style="width:30px">·‌·‌·‌</span>