[
  [ 0, 0, 0 ],
  [ 1, 0, 1 ],
  [ 2, 0, 2 ],
  [ 3, 0, 3 ],
  [ 3, 1, 4 ],
  [ 3, 2, 5 ],
  [ 3, 3, 6 ],
  [ 3, 4, 7 ],
  [ 4, 0, 8 ],
  [ 5, 0, 9 ],
  [ 6, 0, 10 ],
  [ 6, 1, 11 ],
  [ 6, 2, 12 ],
  [ 6, 3, 13 ],
  [ 6, 4, 14 ],
  [ 6, 5, 15 ],
  [ 6, 6, 16 ],
  [ 7, 0, 17 ],
  [ 8, 0, 18 ],
  [ 9, 0, 19 ],
  [ 9, 1, 20 ],
  [ 9, 2, 21 ],
  [ 9, 3, 22 ],
  [ 9, 4, 23 ],
  [ 10, 0, 24 ],
  [ 11, 0, 25 ],
  [ 12, 0, 26 ],
  [ 12, 1, 27 ],
  [ 12, 2, 28 ],
  [ 12, 3, 29 ],
  [ 12, 4, 30 ],
  [ 12, 5, 31 ],
  [ 13, 0, 32 ],
  [ 14, 0, 33 ],
  [ 15, 0, 34 ],
  [ 15, 1, 35 ],
  [ 15, 2, 36 ],
  [ 15, 3, 37 ],
  [ 15, 4, 38 ],
  [ 15, 5, 39 ],
  [ 15, 6, 40 ],
  [ 15, 7, 41 ],
  [ 15, 8, 42 ],
  [ 15, 9, 43 ],
  [ 15, 10, 44 ],
  [ 15, 11, 45 ],
  [ 15, 12, 46 ],
  [ 16, 0, 47 ],
  [ 17, 0, 48 ],
  [ 18, 0, 49 ],
  [ 19, 0, 50 ],
  [ 19, 1, 51 ]
]