<span class="mtkw">·‌·‌·‌·‌</span><span class="mtk2">if</span><span class="ced-1-TextEditorDecorationType2-17c14d98-3 ced-1-TextEditorDecorationType2-3"></span><span class="ced-1-TextEditorDecorationType2-17c14d98-4 ced-1-TextEditorDecorationType2-4"></span><span class="ced-ghost-text-1-4"></span>