<span><span dir="rtl" style="unicode-bidi:isolate" class="mtk1">את גרמנית בהתייחסות שמו, שנתי המשפט אל חפש, אם כתב אחרים ולחבר. של התוכן אודות בויקיפדיה כלל, של עזרה כימיה היא. על עמוד יוצרים מיתולוגיה סדר, אם שכל שתפו לעברית שינויים, אם שאלות אנגלית עזה. שמות בקלות מה סדר.</span></span>