[
  [ 0, 0, 0 ],
  [ 0, 1, 1 ],
  [ 0, 2, 2 ],
  [ 0, 3, 3 ],
  [ 0, 4, 4 ],
  [ 0, 5, 5 ],
  [ 0, 6, 6 ],
  [ 0, 7, 7 ],
  [ 0, 8, 8 ],
  [ 0, 9, 9 ],
  [ 0, 10, 10 ],
  [ 0, 11, 11 ],
  [ 1, 0, 12 ],
  [ 1, 1, 13 ],
  [ 1, 2, 14 ],
  [ 1, 3, 15 ],
  [ 1, 4, 16 ],
  [ 1, 5, 17 ],
  [ 1, 6, 18 ],
  [ 1, 7, 19 ],
  [ 1, 8, 20 ],
  [ 1, 9, 21 ],
  [ 1, 10, 22 ],
  [ 1, 11, 23 ],
  [ 1, 12, 24 ],
  [ 1, 13, 25 ],
  [ 1, 14, 26 ],
  [ 1, 15, 27 ],
  [ 1, 16, 28 ],
  [ 1, 17, 29 ],
  [ 1, 18, 30 ],
  [ 1, 19, 31 ],
  [ 1, 20, 32 ],
  [ 1, 21, 33 ],
  [ 1, 22, 34 ],
  [ 1, 23, 35 ],
  [ 1, 24, 36 ],
  [ 1, 25, 37 ],
  [ 1, 26, 38 ],
  [ 1, 27, 39 ],
  [ 1, 28, 40 ],
  [ 1, 29, 41 ],
  [ 1, 30, 42 ],
  [ 1, 31, 43 ],
  [ 1, 32, 44 ],
  [ 1, 33, 45 ],
  [ 1, 34, 46 ],
  [ 1, 35, 47 ],
  [ 1, 36, 48 ],
  [ 2, 0, 49 ],
  [ 3, 0, 50 ],
  [ 4, 0, 51 ],
  [ 4, 1, 52 ],
  [ 4, 2, 53 ],
  [ 4, 3, 54 ],
  [ 4, 4, 55 ],
  [ 4, 5, 56 ],
  [ 4, 6, 57 ],
  [ 4, 7, 58 ],
  [ 4, 8, 59 ],
  [ 4, 9, 60 ],
  [ 4, 10, 61 ],
  [ 4, 11, 62 ],
  [ 4, 12, 63 ],
  [ 4, 13, 64 ],
  [ 4, 14, 65 ],
  [ 4, 15, 66 ],
  [ 4, 16, 67 ],
  [ 4, 17, 68 ],
  [ 4, 18, 69 ],
  [ 4, 19, 70 ],
  [ 4, 20, 71 ],
  [ 5, 0, 72 ],
  [ 5, 1, 73 ],
  [ 6, 0, 74 ],
  [ 6, 1, 75 ],
  [ 6, 2, 76 ],
  [ 6, 3, 77 ],
  [ 6, 4, 78 ],
  [ 6, 5, 79 ],
  [ 6, 6, 80 ],
  [ 6, 7, 81 ],
  [ 6, 8, 82 ],
  [ 6, 9, 83 ],
  [ 6, 10, 84 ]
]