<span class="mtk3">some</span><span class="mtk3 inlineDec1"></span><span class="mtk3"> </span><span class="mtk3 inlineDec2"></span><span class="mtk3">text £</span>