<span class="before"></span><span class="after"></span>