<span class="mtk3">transferBalance(5678,</span><span class="mtkcontrol">[U+202E]</span><span class="mtk3">6776,4321</span><span class="mtkcontrol">[U+202C]</span><span class="mtk3">,"USD");</span>