[
  [ 0, 0, 0 ],
  [ 1, 0, 1 ],
  [ 1, 1, 2 ],
  [ 1, 2, 3 ],
  [ 2, 0, 4 ],
  [ 2, 1, 5 ],
  [ 3, 0, 6 ],
  [ 3, 1, 7 ],
  [ 3, 2, 8 ],
  [ 3, 3, 9 ],
  [ 3, 4, 10 ],
  [ 3, 5, 11 ],
  [ 3, 6, 12 ],
  [ 3, 7, 13 ],
  [ 3, 10, 16 ]
]