[
  [ 0, 0, 0 ],
  [ 0, 2, 1 ],
  [ 0, 4, 2 ],
  [ 0, 6, 3 ],
  [ 1, 0, 4 ],
  [ 1, 1, 5 ],
  [ 3, 0, 6 ]
]