[
  [ 0, 0, 0 ],
  [ 0, 1, 1 ],
  [ 0, 2, 2 ],
  [ 1, 0, 3 ],
  [ 1, 1, 4 ],
  [ 1, 2, 5 ],
  [ 1, 3, 6 ],
  [ 1, 4, 7 ],
  [ 1, 5, 8 ],
  [ 1, 6, 9 ],
  [ 1, 7, 10 ],
  [ 1, 8, 11 ],
  [ 1, 9, 12 ],
  [ 2, 0, 13 ],
  [ 2, 1, 14 ],
  [ 2, 2, 15 ],
  [ 2, 3, 16 ],
  [ 2, 4, 17 ],
  [ 2, 5, 18 ],
  [ 2, 6, 19 ],
  [ 2, 7, 20 ],
  [ 2, 8, 21 ],
  [ 2, 9, 22 ],
  [ 2, 10, 23 ],
  [ 2, 11, 24 ],
  [ 2, 12, 25 ],
  [ 2, 13, 26 ],
  [ 2, 14, 27 ],
  [ 2, 15, 28 ],
  [ 2, 16, 29 ],
  [ 2, 17, 30 ],
  [ 2, 18, 31 ],
  [ 2, 19, 32 ],
  [ 2, 20, 33 ],
  [ 2, 21, 34 ],
  [ 2, 22, 35 ],
  [ 2, 23, 36 ],
  [ 2, 24, 37 ],
  [ 2, 25, 38 ],
  [ 2, 26, 39 ],
  [ 2, 27, 40 ],
  [ 2, 28, 41 ],
  [ 2, 29, 42 ],
  [ 2, 30, 43 ],
  [ 2, 31, 44 ],
  [ 2, 32, 45 ],
  [ 2, 33, 46 ],
  [ 2, 34, 47 ],
  [ 2, 35, 48 ],
  [ 2, 36, 49 ],
  [ 2, 37, 50 ],
  [ 2, 38, 51 ],
  [ 2, 39, 52 ],
  [ 2, 40, 53 ],
  [ 2, 41, 54 ],
  [ 2, 42, 55 ],
  [ 2, 43, 56 ],
  [ 2, 44, 57 ],
  [ 2, 45, 58 ],
  [ 2, 46, 59 ],
  [ 2, 47, 60 ],
  [ 2, 48, 61 ],
  [ 2, 49, 62 ],
  [ 2, 50, 63 ],
  [ 2, 51, 64 ],
  [ 2, 52, 65 ],
  [ 3, 0, 66 ],
  [ 3, 1, 67 ]
]