[ [ 0, 0, 0 ], [ 1, 0, 4 ], [ 1, 1, 5 ], [ 1, 2, 6 ], [ 1, 3, 7 ] ]