<span class="mtk3"> वो ऐसा क्या है जो हमारे अंदर भी है और बाहर भी है। </span><span class="mtk3">जिसकी वजह से हम सब हैं। जिसने इस सृष्टि की रचना की </span><span class="mtk3">है।</span>