<span class="mtk1">//just a com</span><span class="mtk1 dec2"></span><span class="mtk1 dec1"></span><span class="mtk1">ment</span>