[
  [ 0, 0, 0 ],
  [ 0, 4, 4 ],
  [ 1, 0, 8 ],
  [ 1, 2, 9 ],
  [ 2, 0, 10 ],
  [ 2, 1, 11 ],
  [ 3, 0, 12 ],
  [ 3, 1, 13 ],
  [ 3, 2, 14 ],
  [ 3, 3, 15 ],
  [ 3, 4, 16 ],
  [ 3, 5, 17 ],
  [ 3, 6, 18 ],
  [ 3, 7, 19 ],
  [ 3, 8, 20 ],
  [ 3, 9, 21 ],
  [ 4, 0, 22 ],
  [ 4, 2, 23 ],
  [ 4, 3, 24 ],
  [ 4, 5, 25 ],
  [ 4, 7, 26 ],
  [ 4, 9, 28 ],
  [ 4, 11, 29 ],
  [ 4, 13, 30 ],
  [ 4, 15, 31 ],
  [ 4, 16, 32 ],
  [ 4, 18, 33 ],
  [ 4, 20, 34 ],
  [ 4, 22, 35 ],
  [ 4, 24, 36 ]
]