<div class="rendered-markdown"><p>

&lt;!--[CDATA[&lt;div--&gt;content]]&gt;</p></div>