<div class="rendered-markdown">

<p>1&lt;canvas&gt;2&lt;/canvas&gt;</p>&lt;details&gt;3&lt;/details&gt;4<p></p></div>