<div class="rendered-markdown">


<h1>heading</h1>
<ul>
    <li>1</li>
    <li><b>hi</b></li>
</ul>
<pre><code>code here</code></pre></div>