<p><span class="katex"><span class="katex-mathml"><math><semantics><mrow><mfrac><mn>1</mn><mn>2</mn></mfrac></mrow><annotation encoding="application/x-tex">\frac{1}{2}</annotation></semantics></math></span><span class="katex-html"><span class="base"><span class="strut" style="height: 1.1901em; vertical-align: -0.345em"></span><span class="mord"><span class="mopen nulldelimiter"></span><span class="mfrac"><span class="vlist-t vlist-t2"><span class="vlist-r"><span class="vlist" style="height: 0.8451em"><span style="top: -2.655em"><span class="pstrut" style="height: 3em"></span><span class="sizing reset-size6 size3 mtight"><span class="mord mtight"><span class="mord mtight">2</span></span></span></span><span style="top: -3.23em"><span class="pstrut" style="height: 3em"></span><span class="frac-line" style="border-bottom-width: 0.04em"></span></span><span style="top: -3.394em"><span class="pstrut" style="height: 3em"></span><span class="sizing reset-size6 size3 mtight"><span class="mord mtight"><span class="mord mtight">1</span></span></span></span></span><span class="vlist-s">â€‹</span></span><span class="vlist-r"><span class="vlist" style="height: 0.345em"><span></span></span></span></span></span><span class="mclose nulldelimiter"></span></span></span></span></span> at start, and at end <span class="katex"><span class="katex-mathml"><math><semantics><mrow><msup><mi>x</mi><mn>2</mn></msup></mrow><annotation encoding="application/x-tex">x^2</annotation></semantics></math></span><span class="katex-html"><span class="base"><span class="strut" style="height: 0.8141em"></span><span class="mord"><span class="mord mathnormal">x</span><span class="msupsub"><span class="vlist-t"><span class="vlist-r"><span class="vlist" style="height: 0.8141em"><span style="top: -3.063em; margin-right: 0.05em"><span class="pstrut" style="height: 2.7em"></span><span class="sizing reset-size6 size3 mtight"><span class="mord mtight">2</span></span></span></span></span></span></span></span></span></span></span></p>