<p>for ($i = 1; $i -le 20; $i++) { echo "hello world"; Start-Sleep 1 }</p>