<p>Hello <span class="katex"><span class="katex-mathml"><math><semantics><mrow><mfrac><mn>1</mn><mn>2</mn></mfrac></mrow><annotation encoding="application/x-tex">\frac{1}{2}</annotation></semantics></math></span><span class="katex-html"><span class="base"><span style="height: 1.1901em; vertical-align: -0.345em" class="strut"></span><span class="mord"><span class="mopen nulldelimiter"></span><span class="mfrac"><span class="vlist-t vlist-t2"><span class="vlist-r"><span style="height: 0.8451em" class="vlist"><span style="top: -2.655em"><span style="height: 3em" class="pstrut"></span><span class="sizing reset-size6 size3 mtight"><span class="mord mtight"><span class="mord mtight">2</span></span></span></span><span style="top: -3.23em"><span style="height: 3em" class="pstrut"></span><span style="border-bottom-width: 0.04em" class="frac-line"></span></span><span style="top: -3.394em"><span style="height: 3em" class="pstrut"></span><span class="sizing reset-size6 size3 mtight"><span class="mord mtight"><span class="mord mtight">1</span></span></span></span></span><span class="vlist-s">â€‹</span></span><span class="vlist-r"><span style="height: 0.345em" class="vlist"><span></span></span></span></span></span><span class="mclose nulldelimiter"></span></span></span></span></span> World!</p>